150 INFO: PyInstaller: 6.21.0, contrib hooks: 2026.6
152 INFO: Python: 3.12.10
200 INFO: Platform: Windows-11-10.0.26200-SP0
202 INFO: Python environment: C:\Users\yzd20\Desktop\Project\NEVO\.venv
209 INFO: Removing temporary files and cleaning cache in C:\Users\yzd20\AppData\Local\pyinstaller
2691 INFO: Module search paths (PYTHONPATH):
['C:\\Users\\yzd20\\Desktop\\Project\\NEVO\\.venv\\Scripts\\pyinstaller.exe',
 'C:\\Users\\yzd20\\AppData\\Local\\Programs\\Python\\Python312\\python312.zip',
 'C:\\Users\\yzd20\\AppData\\Local\\Programs\\Python\\Python312\\DLLs',
 'C:\\Users\\yzd20\\AppData\\Local\\Programs\\Python\\Python312\\Lib',
 'C:\\Users\\yzd20\\AppData\\Local\\Programs\\Python\\Python312',
 'C:\\Users\\yzd20\\Desktop\\Project\\NEVO\\.venv',
 'C:\\Users\\yzd20\\Desktop\\Project\\NEVO\\.venv\\Lib\\site-packages',
 'C:\\Users\\yzd20\\Desktop\\Project\\NEVO\\.venv\\Lib\\site-packages\\win32',
 'C:\\Users\\yzd20\\Desktop\\Project\\NEVO\\.venv\\Lib\\site-packages\\win32\\lib',
 'C:\\Users\\yzd20\\Desktop\\Project\\NEVO\\.venv\\Lib\\site-packages\\pythonwin',
 'C:\\Users\\yzd20\\Desktop\\Project\\NEVO\\src\\client\\gui_python',
 'c:\\Users\\yzd20\\Desktop\\Project\\NEVO\\src\\client\\gui_python']
3125 INFO: Appending 'binaries' from .spec
3125 INFO: Appending 'datas' from .spec
3126 INFO: checking Analysis
3126 INFO: Building Analysis because Analysis-00.toc is non existent
3126 INFO: Looking for Python shared library...
3127 INFO: Using Python shared library: C:\Users\yzd20\AppData\Local\Programs\Python\Python312\python312.dll
3127 INFO: Running Analysis Analysis-00.toc
3127 INFO: Target bytecode optimization level: 0
3127 INFO: Initializing module dependency graph...
3127 INFO: Initializing module graph hook caches...
3141 INFO: Analyzing modules for base_library.zip ...
4446 INFO: Processing standard module hook 'hook-encodings.py' from 'C:\\Users\\yzd20\\Desktop\\Project\\NEVO\\.venv\\Lib\\site-packages\\PyInstaller\\hooks'
5055 INFO: Processing standard module hook 'hook-math.py' from 'C:\\Users\\yzd20\\Desktop\\Project\\NEVO\\.venv\\Lib\\site-packages\\PyInstaller\\hooks'
5798 INFO: Processing standard module hook 'hook-pickle.py' from 'C:\\Users\\yzd20\\Desktop\\Project\\NEVO\\.venv\\Lib\\site-packages\\PyInstaller\\hooks'
6482 INFO: Processing standard module hook 'hook-heapq.py' from 'C:\\Users\\yzd20\\Desktop\\Project\\NEVO\\.venv\\Lib\\site-packages\\PyInstaller\\hooks'
6801 INFO: Caching module dependency graph...
6833 INFO: Analyzing C:\Users\yzd20\Desktop\Project\NEVO\src\client\gui_python\main.py
6852 INFO: Processing standard module hook 'hook-PyQt5.py' from 'C:\\Users\\yzd20\\Desktop\\Project\\NEVO\\.venv\\Lib\\site-packages\\PyInstaller\\hooks'
7354 INFO: Processing standard module hook 'hook-PyQt5.QtCore.py' from 'C:\\Users\\yzd20\\Desktop\\Project\\NEVO\\.venv\\Lib\\site-packages\\PyInstaller\\hooks'
8966 INFO: Processing standard module hook 'hook-PyQt5.QtWidgets.py' from 'C:\\Users\\yzd20\\Desktop\\Project\\NEVO\\.venv\\Lib\\site-packages\\PyInstaller\\hooks'
12404 INFO: Processing standard module hook 'hook-PyQt5.QtGui.py' from 'C:\\Users\\yzd20\\Desktop\\Project\\NEVO\\.venv\\Lib\\site-packages\\PyInstaller\\hooks'
27096 INFO: Processing standard module hook 'hook-platform.py' from 'C:\\Users\\yzd20\\Desktop\\Project\\NEVO\\.venv\\Lib\\site-packages\\PyInstaller\\hooks'
27115 INFO: Processing standard module hook 'hook-_ctypes.py' from 'C:\\Users\\yzd20\\Desktop\\Project\\NEVO\\.venv\\Lib\\site-packages\\PyInstaller\\hooks'
27206 INFO: Processing standard module hook 'hook-PyQt5.QtXml.py' from 'C:\\Users\\yzd20\\Desktop\\Project\\NEVO\\.venv\\Lib\\site-packages\\PyInstaller\\hooks'
27443 INFO: Processing standard module hook 'hook-PyQt5.QtSvg.py' from 'C:\\Users\\yzd20\\Desktop\\Project\\NEVO\\.venv\\Lib\\site-packages\\PyInstaller\\hooks'
27873 INFO: Processing pre-safe-import-module hook 'hook-win32com.py' from 'C:\\Users\\yzd20\\Desktop\\Project\\NEVO\\.venv\\Lib\\site-packages\\_pyinstaller_hooks_contrib\\pre_safe_import_module'
28014 INFO: Processing standard module hook 'hook-win32com.py' from 'C:\\Users\\yzd20\\Desktop\\Project\\NEVO\\.venv\\Lib\\site-packages\\_pyinstaller_hooks_contrib\\stdhooks'
28018 INFO: Processing standard module hook 'hook-pythoncom.py' from 'C:\\Users\\yzd20\\Desktop\\Project\\NEVO\\.venv\\Lib\\site-packages\\_pyinstaller_hooks_contrib\\stdhooks'
28151 INFO: Processing standard module hook 'hook-pywintypes.py' from 'C:\\Users\\yzd20\\Desktop\\Project\\NEVO\\.venv\\Lib\\site-packages\\_pyinstaller_hooks_contrib\\stdhooks'
28801 INFO: Processing standard module hook 'hook-numpy.py' from 'C:\\Users\\yzd20\\Desktop\\Project\\NEVO\\.venv\\Lib\\site-packages\\PyInstaller\\hooks'
29111 INFO: Processing pre-safe-import-module hook 'hook-typing_extensions.py' from 'C:\\Users\\yzd20\\Desktop\\Project\\NEVO\\.venv\\Lib\\site-packages\\PyInstaller\\hooks\\pre_safe_import_module'
29111 INFO: SetuptoolsInfo: initializing cached setuptools info...
29813 INFO: Processing standard module hook 'hook-difflib.py' from 'C:\\Users\\yzd20\\Desktop\\Project\\NEVO\\.venv\\Lib\\site-packages\\PyInstaller\\hooks'
29955 INFO: Processing standard module hook 'hook-multiprocessing.util.py' from 'C:\\Users\\yzd20\\Desktop\\Project\\NEVO\\.venv\\Lib\\site-packages\\PyInstaller\\hooks'
30066 INFO: Processing standard module hook 'hook-xml.py' from 'C:\\Users\\yzd20\\Desktop\\Project\\NEVO\\.venv\\Lib\\site-packages\\PyInstaller\\hooks'
30772 INFO: Processing standard module hook 'hook-sysconfig.py' from 'C:\\Users\\yzd20\\Desktop\\Project\\NEVO\\.venv\\Lib\\site-packages\\PyInstaller\\hooks'
31119 INFO: Processing standard module hook 'hook-webbrowser.py' from 'C:\\Users\\yzd20\\Desktop\\Project\\NEVO\\.venv\\Lib\\site-packages\\PyInstaller\\hooks'
32045 INFO: Processing standard module hook 'hook-charset_normalizer.py' from 'C:\\Users\\yzd20\\Desktop\\Project\\NEVO\\.venv\\Lib\\site-packages\\_pyinstaller_hooks_contrib\\stdhooks'
32590 INFO: Processing standard module hook 'hook-nacl.py' from 'C:\\Users\\yzd20\\Desktop\\Project\\NEVO\\.venv\\Lib\\site-packages\\_pyinstaller_hooks_contrib\\stdhooks'
32727 INFO: Processing standard module hook 'hook-sounddevice.py' from 'C:\\Users\\yzd20\\Desktop\\Project\\NEVO\\.venv\\Lib\\site-packages\\_pyinstaller_hooks_contrib\\stdhooks'
33271 INFO: Processing standard module hook 'hook-av.py' from 'C:\\Users\\yzd20\\Desktop\\Project\\NEVO\\.venv\\Lib\\site-packages\\_pyinstaller_hooks_contrib\\stdhooks'
33932 INFO: Processing standard module hook 'hook-cv2.py' from 'C:\\Users\\yzd20\\Desktop\\Project\\NEVO\\.venv\\Lib\\site-packages\\_pyinstaller_hooks_contrib\\stdhooks'
34562 INFO: Processing standard module hook 'hook-urllib3.py' from 'C:\\Users\\yzd20\\Desktop\\Project\\NEVO\\.venv\\Lib\\site-packages\\_pyinstaller_hooks_contrib\\stdhooks'
34635 INFO: Processing pre-safe-import-module hook 'hook-backports.py' from 'C:\\Users\\yzd20\\Desktop\\Project\\NEVO\\.venv\\Lib\\site-packages\\PyInstaller\\hooks\\pre_safe_import_module'
34635 INFO: Setuptools: 'backports' appears to be a full setuptools-vendored copy - creating alias to 'setuptools._vendor.backports'!
34639 INFO: Processing standard module hook 'hook-setuptools.py' from 'C:\\Users\\yzd20\\Desktop\\Project\\NEVO\\.venv\\Lib\\site-packages\\PyInstaller\\hooks'
34648 INFO: Processing pre-safe-import-module hook 'hook-distutils.py' from 'C:\\Users\\yzd20\\Desktop\\Project\\NEVO\\.venv\\Lib\\site-packages\\PyInstaller\\hooks\\pre_safe_import_module'
34671 INFO: Processing pre-safe-import-module hook 'hook-jaraco.py' from 'C:\\Users\\yzd20\\Desktop\\Project\\NEVO\\.venv\\Lib\\site-packages\\PyInstaller\\hooks\\pre_safe_import_module'
34672 INFO: Setuptools: 'jaraco' appears to be a full setuptools-vendored copy - creating alias to 'setuptools._vendor.jaraco'!
34679 INFO: Processing pre-safe-import-module hook 'hook-more_itertools.py' from 'C:\\Users\\yzd20\\Desktop\\Project\\NEVO\\.venv\\Lib\\site-packages\\PyInstaller\\hooks\\pre_safe_import_module'
34679 INFO: Setuptools: 'more_itertools' appears to be a setuptools-vendored copy - creating alias to 'setuptools._vendor.more_itertools'!
34827 INFO: Processing pre-safe-import-module hook 'hook-packaging.py' from 'C:\\Users\\yzd20\\Desktop\\Project\\NEVO\\.venv\\Lib\\site-packages\\PyInstaller\\hooks\\pre_safe_import_module'
35010 INFO: Processing standard module hook 'hook-setuptools._vendor.jaraco.text.py' from 'C:\\Users\\yzd20\\Desktop\\Project\\NEVO\\.venv\\Lib\\site-packages\\PyInstaller\\hooks'
35012 INFO: Processing pre-safe-import-module hook 'hook-importlib_resources.py' from 'C:\\Users\\yzd20\\Desktop\\Project\\NEVO\\.venv\\Lib\\site-packages\\PyInstaller\\hooks\\pre_safe_import_module'
35133 INFO: Processing pre-safe-import-module hook 'hook-importlib_metadata.py' from 'C:\\Users\\yzd20\\Desktop\\Project\\NEVO\\.venv\\Lib\\site-packages\\PyInstaller\\hooks\\pre_safe_import_module'
35134 INFO: Setuptools: 'importlib_metadata' appears to be a setuptools-vendored copy - creating alias to 'setuptools._vendor.importlib_metadata'!
35152 INFO: Processing standard module hook 'hook-setuptools._vendor.importlib_metadata.py' from 'C:\\Users\\yzd20\\Desktop\\Project\\NEVO\\.venv\\Lib\\site-packages\\PyInstaller\\hooks'
35170 INFO: Processing pre-safe-import-module hook 'hook-zipp.py' from 'C:\\Users\\yzd20\\Desktop\\Project\\NEVO\\.venv\\Lib\\site-packages\\PyInstaller\\hooks\\pre_safe_import_module'
35170 INFO: Setuptools: 'zipp' appears to be a setuptools-vendored copy - creating alias to 'setuptools._vendor.zipp'!
35345 INFO: Processing pre-safe-import-module hook 'hook-tomli.py' from 'C:\\Users\\yzd20\\Desktop\\Project\\NEVO\\.venv\\Lib\\site-packages\\PyInstaller\\hooks\\pre_safe_import_module'
35345 INFO: Setuptools: 'tomli' appears to be a setuptools-vendored copy - creating alias to 'setuptools._vendor.tomli'!
35689 INFO: Processing pre-safe-import-module hook 'hook-wheel.py' from 'C:\\Users\\yzd20\\Desktop\\Project\\NEVO\\.venv\\Lib\\site-packages\\PyInstaller\\hooks\\pre_safe_import_module'
35689 INFO: Setuptools: 'wheel' appears to be a setuptools-vendored copy - creating alias to 'setuptools._vendor.wheel'!
35997 INFO: Processing standard module hook 'hook-certifi.py' from 'C:\\Users\\yzd20\\Desktop\\Project\\NEVO\\.venv\\Lib\\site-packages\\_pyinstaller_hooks_contrib\\stdhooks'
36044 INFO: Processing standard module hook 'hook-cryptography.py' from 'C:\\Users\\yzd20\\Desktop\\Project\\NEVO\\.venv\\Lib\\site-packages\\_pyinstaller_hooks_contrib\\stdhooks'
37408 INFO: hook-cryptography: cryptography does not seem to be using dynamically linked OpenSSL.
37630 INFO: Processing standard module hook 'hook-bcrypt.py' from 'C:\\Users\\yzd20\\Desktop\\Project\\NEVO\\.venv\\Lib\\site-packages\\_pyinstaller_hooks_contrib\\stdhooks'
37819 INFO: Processing standard module hook 'hook-PyQt5.QtMultimedia.py' from 'C:\\Users\\yzd20\\Desktop\\Project\\NEVO\\.venv\\Lib\\site-packages\\PyInstaller\\hooks'
40292 INFO: Processing standard module hook 'hook-PyQt5.QtNetwork.py' from 'C:\\Users\\yzd20\\Desktop\\Project\\NEVO\\.venv\\Lib\\site-packages\\PyInstaller\\hooks'
41564 INFO: Processing standard module hook 'hook-pynput.py' from 'C:\\Users\\yzd20\\Desktop\\Project\\NEVO\\.venv\\Lib\\site-packages\\_pyinstaller_hooks_contrib\\stdhooks'
41978 INFO: Processing pre-safe-import-module hook 'hook-six.moves.py' from 'C:\\Users\\yzd20\\Desktop\\Project\\NEVO\\.venv\\Lib\\site-packages\\PyInstaller\\hooks\\pre_safe_import_module'
42090 INFO: Analyzing hidden import 'qfluentwidgets.multimedia'
42111 INFO: Processing standard module hook 'hook-PyQt5.QtMultimediaWidgets.py' from 'C:\\Users\\yzd20\\Desktop\\Project\\NEVO\\.venv\\Lib\\site-packages\\PyInstaller\\hooks'
42465 INFO: Analyzing hidden import 'mss.__main__'
42468 INFO: Analyzing hidden import 'av.__main__'
42474 INFO: Analyzing hidden import 'av.audio.plane'
42475 INFO: Analyzing hidden import 'av.buffer'
42478 INFO: Analyzing hidden import 'av.container.pyio'
42482 INFO: Analyzing hidden import 'av.container.streams'
42486 INFO: Analyzing hidden import 'av.datasets'
42489 INFO: Analyzing hidden import 'av.dictionary'
42492 INFO: Analyzing hidden import 'av.filter'
42502 INFO: Analyzing hidden import 'av.filter.context'
42507 INFO: Analyzing hidden import 'av.filter.link'
42511 INFO: Analyzing hidden import 'av.frame'
42525 INFO: Analyzing hidden import 'av.index'
42530 INFO: Analyzing hidden import 'av.opaque'
42532 INFO: Analyzing hidden import 'av.plane'
42533 INFO: Analyzing hidden import 'av.stream'
42540 INFO: Analyzing hidden import 'av.subtitles.subtitle'
42547 INFO: Analyzing hidden import 'av.utils'
42550 INFO: Analyzing hidden import 'av.video.plane'
42557 INFO: Analyzing hidden import 'av.video.reformatter'
42564 INFO: Analyzing hidden import 'requests.help'
42567 INFO: Analyzing hidden import 'pynput.keyboard._win32'
42596 INFO: Analyzing hidden import 'pynacl'
42597 ERROR: Hidden import 'pynacl' not found
42597 INFO: Analyzing hidden import 'screen_audio_capture'
42600 INFO: Processing module hooks (post-graph stage)...
43064 WARNING: Hidden import "sip" not found!
43235 INFO: Performing binary vs. data reclassification (195 entries)
43327 INFO: Looking for ctypes DLLs
43329 WARNING: Ignoring AppKit.framework/AppKit imported from C:\Users\yzd20\Desktop\Project\NEVO\.venv\Lib\site-packages\darkdetect\_mac_detect.py - only basenames are supported with ctypes imports!
43400 INFO: Analyzing run-time hooks ...
43405 INFO: Including run-time hook 'pyi_rth_inspect.py' from 'C:\\Users\\yzd20\\Desktop\\Project\\NEVO\\.venv\\Lib\\site-packages\\PyInstaller\\hooks\\rthooks'
43407 INFO: Including run-time hook 'pyi_rth_pkgutil.py' from 'C:\\Users\\yzd20\\Desktop\\Project\\NEVO\\.venv\\Lib\\site-packages\\PyInstaller\\hooks\\rthooks'
43409 INFO: Including run-time hook 'pyi_rth_multiprocessing.py' from 'C:\\Users\\yzd20\\Desktop\\Project\\NEVO\\.venv\\Lib\\site-packages\\PyInstaller\\hooks\\rthooks'
43411 INFO: Including run-time hook 'pyi_rth_cryptography_openssl.py' from 'C:\\Users\\yzd20\\Desktop\\Project\\NEVO\\.venv\\Lib\\site-packages\\_pyinstaller_hooks_contrib\\rthooks'
43412 INFO: Including run-time hook 'pyi_rth_pyqt5.py' from 'C:\\Users\\yzd20\\Desktop\\Project\\NEVO\\.venv\\Lib\\site-packages\\PyInstaller\\hooks\\rthooks'
43414 INFO: Processing pre-find-module-path hook 'hook-_pyi_rth_utils.py' from 'C:\\Users\\yzd20\\Desktop\\Project\\NEVO\\.venv\\Lib\\site-packages\\PyInstaller\\hooks\\pre_find_module_path'
43415 INFO: Processing standard module hook 'hook-_pyi_rth_utils.py' from 'C:\\Users\\yzd20\\Desktop\\Project\\NEVO\\.venv\\Lib\\site-packages\\PyInstaller\\hooks'
43417 INFO: Including run-time hook 'pyi_rth_setuptools.py' from 'C:\\Users\\yzd20\\Desktop\\Project\\NEVO\\.venv\\Lib\\site-packages\\PyInstaller\\hooks\\rthooks'
43419 INFO: Including run-time hook 'pyi_rth_pywintypes.py' from 'C:\\Users\\yzd20\\Desktop\\Project\\NEVO\\.venv\\Lib\\site-packages\\_pyinstaller_hooks_contrib\\rthooks'
43420 INFO: Including run-time hook 'pyi_rth_pythoncom.py' from 'C:\\Users\\yzd20\\Desktop\\Project\\NEVO\\.venv\\Lib\\site-packages\\_pyinstaller_hooks_contrib\\rthooks'
43438 INFO: Creating base_library.zip...
43458 INFO: Looking for dynamic libraries
44641 INFO: Extra DLL search directories (AddDllDirectory): ['C:\\Users\\yzd20\\Desktop\\Project\\NEVO\\.venv\\Lib\\site-packages\\PyQt5\\Qt5\\bin', 'C:\\Users\\yzd20\\Desktop\\Project\\NEVO\\.venv\\Lib\\site-packages\\numpy.libs', 'C:\\Users\\yzd20\\Desktop\\Project\\NEVO\\.venv\\Lib\\site-packages\\cv2\\../../x64/vc17/bin', 'C:\\Users\\yzd20\\Desktop\\Project\\NEVO\\.venv\\Lib\\site-packages\\av.libs', 'C:\\Users\\yzd20\\Desktop\\Project\\NEVO\\.venv\\Lib\\site-packages\\scipy.libs']
44641 INFO: Extra DLL search directories (PATH): ['C:\\Users\\yzd20\\Desktop\\Project\\NEVO\\.venv\\Lib\\site-packages\\cv2\\../../x64/vc17/bin', 'C:\\Users\\yzd20\\Desktop\\Project\\NEVO\\.venv\\Lib\\site-packages\\PyQt5\\Qt5\\bin']
46951 INFO: Warnings written to C:\Users\yzd20\Desktop\Project\NEVO\build\nevo_client\warn-nevo_client.txt
47058 INFO: Graph cross-reference written to C:\Users\yzd20\Desktop\Project\NEVO\build\nevo_client\xref-nevo_client.html
47097 INFO: checking PYZ
47097 INFO: Building PYZ because PYZ-00.toc is non existent
47098 INFO: Building PYZ (ZlibArchive) C:\Users\yzd20\Desktop\Project\NEVO\build\nevo_client\PYZ-00.pyz
47768 INFO: Building PYZ (ZlibArchive) C:\Users\yzd20\Desktop\Project\NEVO\build\nevo_client\PYZ-00.pyz completed successfully.
47791 INFO: checking PKG
47791 INFO: Building PKG because PKG-00.toc is non existent
47791 INFO: Building PKG (CArchive) NEVO.pkg
73304 INFO: Building PKG (CArchive) NEVO.pkg completed successfully.
73311 INFO: Bootloader C:\Users\yzd20\Desktop\Project\NEVO\.venv\Lib\site-packages\PyInstaller\bootloader\Windows-64bit-intel\runw.exe
73311 INFO: checking EXE
73311 INFO: Building EXE because EXE-00.toc is non existent
73311 INFO: Building EXE from EXE-00.toc
73326 INFO: Copying bootloader EXE to C:\Users\yzd20\Desktop\Project\NEVO\dist\NEVO.exe
73333 INFO: Copying icon to EXE
73339 INFO: Copying 0 resources to EXE
73339 INFO: Embedding manifest in EXE
73345 INFO: Appending PKG archive to EXE
73466 INFO: Fixing EXE headers
73958 INFO: Building EXE from EXE-00.toc completed successfully.
73965 INFO: Build complete! The results are available in: C:\Users\yzd20\Desktop\Project\NEVO\dist
